******************************************************************************
                  TI ARM Linker PC v18.12.3                    
******************************************************************************
>> Linked Wed Nov 13 15:57:35 2019

OUTPUT FILE NAME:   <DIO_Port.out>
ENTRY POINT SYMBOL: "_c_int00_noargs"  address: 00000a0d


MEMORY CONFIGURATION

         name            origin    length      used     unused   attr    fill
----------------------  --------  ---------  --------  --------  ----  --------
  FLASH                 00000000   00040000  00000b5c  0003f4a4  R  X
  SRAM                  20000000   00008000  0000033b  00007cc5  RW X


SEGMENT ALLOCATION MAP

run origin  load origin   length   init length attrs members
----------  ----------- ---------- ----------- ----- -------
00000000    00000000    00000b5c   00000b5c    r-x
  00000000    00000000    0000026c   0000026c    r-- .intvecs
  0000026c    0000026c    00000834   00000834    r-x .text
  00000aa0    00000aa0    000000bc   000000bc    r-- .cinit
20000000    20000000    0000033b   00000000    rw-
  20000000    20000000    00000200   00000000    rw- .stack
  20000200    20000200    0000013b   00000000    rw- .data


SECTION ALLOCATION MAP

 output                                  attributes/
section   page    origin      length       input sections
--------  ----  ----------  ----------   ----------------
.intvecs   0    00000000    0000026c     
                  00000000    0000026c     tm4c1231h6pm_startup_ccs.obj (.intvecs)

.text      0    0000026c    00000834     
                  0000026c    00000300     dio.obj (.text)
                  0000056c    00000268     port.obj (.text)
                  000007d4    000000f0     SysCtr.obj (.text)
                  000008c4    0000009c     rtsv7M4_T_le_v4SPD16_eabi.lib : memcpy_t2.asm.obj (.text)
                  00000960    00000068                                   : copy_decompress_lzss.c.obj (.text:decompress:lzss:__TI_decompress_lzss)
                  000009c8    00000044                                   : autoinit.c.obj (.text:__TI_auto_init_nobinit_nopinit:__TI_auto_init_nobinit_nopinit)
                  00000a0c    00000034                                   : boot_cortex_m.c.obj (.text:_c_int00_noargs:_c_int00_noargs)
                  00000a40    00000034     lab_00_dio.obj (.text)
                  00000a74    0000000e     rtsv7M4_T_le_v4SPD16_eabi.lib : copy_decompress_none.c.obj (.text:decompress:none:__TI_decompress_none)
                  00000a82    0000000c     tm4c1231h6pm_startup_ccs.obj (.text)
                  00000a8e    0000000a     main.obj (.text)
                  00000a98    00000004     rtsv7M4_T_le_v4SPD16_eabi.lib : pre_init.c.obj (.text:_system_pre_init)
                  00000a9c    00000004                                   : exit.c.obj (.text:abort:abort)

.cinit     0    00000aa0    000000bc     
                  00000aa0    000000ab     (.cinit..data.load) [load image, compression = lzss]
                  00000b4b    00000001     --HOLE-- [fill = 0]
                  00000b4c    00000008     (__TI_handler_table)
                  00000b54    00000008     (__TI_cinit_table)

.init_array 
*          0    00000000    00000000     UNINITIALIZED

.data      0    20000200    0000013b     UNINITIALIZED
                  20000200    0000013b     port_lcfg.obj (.data:PortCfgArr)

.stack     0    20000000    00000200     UNINITIALIZED
                  20000000    00000004     rtsv7M4_T_le_v4SPD16_eabi.lib : boot_cortex_m.c.obj (.stack)
                  20000004    000001fc     --HOLE--

MODULE SUMMARY

       Module                         code   ro data   rw data
       ------                         ----   -------   -------
    .\
       tm4c1231h6pm_startup_ccs.obj   12     620       0      
       main.obj                       10     0         0      
    +--+------------------------------+------+---------+---------+
       Total:                         22     620       0      
                                                              
    .\appl\
       lab_00_dio.obj                 52     0         0      
    +--+------------------------------+------+---------+---------+
       Total:                         52     0         0      
                                                              
    .\config\
       port_lcfg.obj                  0      0         315    
    +--+------------------------------+------+---------+---------+
       Total:                         0      0         315    
                                                              
    .\mcal\dio\
       dio.obj                        768    0         0      
    +--+------------------------------+------+---------+---------+
       Total:                         768    0         0      
                                                              
    .\mcal\port_driver\
       port.obj                       616    0         0      
    +--+------------------------------+------+---------+---------+
       Total:                         616    0         0      
                                                              
    .\mcal\sys_ctr\
       SysCtr.obj                     240    0         0      
    +--+------------------------------+------+---------+---------+
       Total:                         240    0         0      
                                                              
    C:\ti\ccs920\ccs\tools\compiler\ti-cgt-arm_18.12.3.LTS\lib\rtsv7M4_T_le_v4SPD16_eabi.lib
       memcpy_t2.asm.obj              156    0         0      
       copy_decompress_lzss.c.obj     104    0         0      
       autoinit.c.obj                 68     0         0      
       boot_cortex_m.c.obj            52     0         0      
       copy_decompress_none.c.obj     14     0         0      
       exit.c.obj                     4      0         0      
       pre_init.c.obj                 4      0         0      
    +--+------------------------------+------+---------+---------+
       Total:                         402    0         0      
                                                              
       Stack:                         0      0         512    
       Linker Generated:              0      187       0      
    +--+------------------------------+------+---------+---------+
       Grand Total:                   2100   807       827    


LINKER GENERATED COPY TABLES

__TI_cinit_table @ 00000b54 records: 1, size/record: 8, table size: 8
	.data: load addr=00000aa0, load size=000000ab bytes, run addr=20000200, run size=0000013b bytes, compression=lzss


LINKER GENERATED HANDLER TABLE

__TI_handler_table @ 00000b4c records: 2, size/record: 4, table size: 8
	index: 0, handler: __TI_decompress_lzss
	index: 1, handler: __TI_decompress_none


GLOBAL SYMBOLS: SORTED ALPHABETICALLY BY Name 

address   name                          
-------   ----                          
00000a9d  C$$EXIT                       
0000046b  Dio_FlipChannel               
000004f9  Dio_FlipPort                  
0000026d  Dio_ReadChannel               
000003af  Dio_ReadPort                  
00000307  Dio_WriteChannel              
0000040d  Dio_WritePort                 
0000056d  PORT_init                     
20000200  PortCfgArr                    
00000a83  ResetISR                      
000007d5  SysCtr_init                   
20000200  __STACK_END                   
00000200  __STACK_SIZE                  
20000200  __STACK_TOP                   
00000b54  __TI_CINIT_Base               
00000b5c  __TI_CINIT_Limit              
00000b4c  __TI_Handler_Table_Base       
00000b54  __TI_Handler_Table_Limit      
000009c9  __TI_auto_init_nobinit_nopinit
00000961  __TI_decompress_lzss          
00000a75  __TI_decompress_none          
ffffffff  __TI_pprof_out_hndl           
ffffffff  __TI_prof_data_size           
ffffffff  __TI_prof_data_start          
00000000  __TI_static_base__            
000008c5  __aeabi_memcpy                
000008c5  __aeabi_memcpy4               
000008c5  __aeabi_memcpy8               
ffffffff  __binit__                     
ffffffff  __c_args__                    
UNDEFED   __mpu_init                    
20000000  __stack                       
00000a0d  _c_int00_noargs               
UNDEFED   _system_post_cinit            
00000a99  _system_pre_init              
00000a9d  abort                         
ffffffff  binit                         
00000000  g_pfnVectors                  
00000a41  lab_00_dio                    
00000a8f  main                          
000008c5  memcpy                        


GLOBAL SYMBOLS: SORTED BY Symbol Address 

address   name                          
-------   ----                          
00000000  __TI_static_base__            
00000000  g_pfnVectors                  
00000200  __STACK_SIZE                  
0000026d  Dio_ReadChannel               
00000307  Dio_WriteChannel              
000003af  Dio_ReadPort                  
0000040d  Dio_WritePort                 
0000046b  Dio_FlipChannel               
000004f9  Dio_FlipPort                  
0000056d  PORT_init                     
000007d5  SysCtr_init                   
000008c5  __aeabi_memcpy                
000008c5  __aeabi_memcpy4               
000008c5  __aeabi_memcpy8               
000008c5  memcpy                        
00000961  __TI_decompress_lzss          
000009c9  __TI_auto_init_nobinit_nopinit
00000a0d  _c_int00_noargs               
00000a41  lab_00_dio                    
00000a75  __TI_decompress_none          
00000a83  ResetISR                      
00000a8f  main                          
00000a99  _system_pre_init              
00000a9d  C$$EXIT                       
00000a9d  abort                         
00000b4c  __TI_Handler_Table_Base       
00000b54  __TI_CINIT_Base               
00000b54  __TI_Handler_Table_Limit      
00000b5c  __TI_CINIT_Limit              
20000000  __stack                       
20000200  PortCfgArr                    
20000200  __STACK_END                   
20000200  __STACK_TOP                   
ffffffff  __TI_pprof_out_hndl           
ffffffff  __TI_prof_data_size           
ffffffff  __TI_prof_data_start          
ffffffff  __binit__                     
ffffffff  __c_args__                    
ffffffff  binit                         
UNDEFED   __mpu_init                    
UNDEFED   _system_post_cinit            

[41 symbols]
